[INFO] Scanning for projects...
[INFO] 
[INFO] -----------------------< com.parking:management >-----------------------
[INFO] Building ParkingManagementSystem 0.0.1-SNAPSHOT
[INFO]   from pom.xml
[INFO] --------------------------------[ jar ]---------------------------------
[INFO] 
[INFO] --- clean:3.3.2:clean (default-clean) @ management ---
[INFO] Deleting C:\Users\khait\OneDrive\Desktop\parkingmanagementsystem\target
[INFO] 
[INFO] --- resources:3.3.1:resources (default-resources) @ management ---
[INFO] Copying 1 resource from src\main\resources to target\classes
[INFO] Copying 0 resource from src\main\resources to target\classes
[INFO] 
[INFO] --- compiler:3.11.0:compile (default-compile) @ management ---
[INFO] Changes detected - recompiling the module! :source
[INFO] Compiling 142 source files with javac [debug release 17] to target\classes
[INFO] -------------------------------------------------------------
[ERROR] COMPILATION ERROR : 
[INFO] -------------------------------------------------------------
[ERROR] /C:/Users/khait/OneDrive/Desktop/parkingmanagementsystem/src/main/java/com/parking/management/module/session/SessionController.java:[97,41] method getActiveSessionByLicensePlate(java.lang.String) is already defined in class com.parking.management.module.session.SessionController
[ERROR] /C:/Users/khait/OneDrive/Desktop/parkingmanagementsystem/src/main/java/com/parking/management/common/ApiResponse.java:[16,16] constructor ApiResponse in class com.parking.management.common.ApiResponse<T> cannot be applied to given types;
  required: no arguments
  found:    boolean,java.lang.String,U
  reason: actual and formal argument lists differ in length
[ERROR] /C:/Users/khait/OneDrive/Desktop/parkingmanagementsystem/src/main/java/com/parking/management/common/ApiResponse.java:[20,16] constructor ApiResponse in class com.parking.management.common.ApiResponse<T> cannot be applied to given types;
  required: no arguments
  found:    boolean,java.lang.String,<nulltype>
  reason: actual and formal argument lists differ in length
[ERROR] /C:/Users/khait/OneDrive/Desktop/parkingmanagementsystem/src/main/java/com/parking/management/common/ApiResponse.java:[24,16] constructor ApiResponse in class com.parking.management.common.ApiResponse<T> cannot be applied to given types;
  required: no arguments
  found:    boolean,java.lang.String,U
  reason: actual and formal argument lists differ in length
[ERROR] /C:/Users/khait/OneDrive/Desktop/parkingmanagementsystem/src/main/java/com/parking/management/module/payment/PaymentService.java:[36,20] cannot find symbol
  symbol:   method getSessionId()
  location: variable request of type com.parking.management.module.payment.PaymentRequest
[ERROR] /C:/Users/khait/OneDrive/Desktop/parkingmanagementsystem/src/main/java/com/parking/management/module/payment/PaymentService.java:[38,27] cannot find symbol
  symbol:   method getReservationId()
  location: variable request of type com.parking.management.module.payment.PaymentRequest
[ERROR] /C:/Users/khait/OneDrive/Desktop/parkingmanagementsystem/src/main/java/com/parking/management/module/payment/PaymentService.java:[46,75] cannot find symbol
  symbol:   method getSessionId()
  location: variable request of type com.parking.management.module.payment.PaymentRequest
[ERROR] /C:/Users/khait/OneDrive/Desktop/parkingmanagementsystem/src/main/java/com/parking/management/module/payment/PaymentService.java:[47,113] cannot find symbol
  symbol:   method getSessionId()
  location: variable request of type com.parking.management.module.payment.PaymentRequest
[ERROR] /C:/Users/khait/OneDrive/Desktop/parkingmanagementsystem/src/main/java/com/parking/management/module/payment/PaymentService.java:[49,58] cannot find symbol
  symbol:   method getSessionId()
  location: variable request of type com.parking.management.module.payment.PaymentRequest
[ERROR] /C:/Users/khait/OneDrive/Desktop/parkingmanagementsystem/src/main/java/com/parking/management/module/payment/PaymentService.java:[59,20] cannot find symbol
  symbol:   method getVehicle()
  location: variable session of type com.parking.management.module.session.ParkingSession
[ERROR] /C:/Users/khait/OneDrive/Desktop/parkingmanagementsystem/src/main/java/com/parking/management/module/payment/PaymentService.java:[59,52] cannot find symbol
  symbol:   method getVehicle()
  location: variable session of type com.parking.management.module.session.ParkingSession
[ERROR] /C:/Users/khait/OneDrive/Desktop/parkingmanagementsystem/src/main/java/com/parking/management/module/payment/PaymentService.java:[59,101] cannot find symbol
  symbol:   method getEntryTime()
  location: variable session of type com.parking.management.module.session.ParkingSession
[ERROR] /C:/Users/khait/OneDrive/Desktop/parkingmanagementsystem/src/main/java/com/parking/management/module/payment/PaymentService.java:[63,41] cannot find symbol
  symbol:   method getExitTime()
  location: variable session of type com.parking.management.module.session.ParkingSession
[ERROR] /C:/Users/khait/OneDrive/Desktop/parkingmanagementsystem/src/main/java/com/parking/management/module/payment/PaymentService.java:[63,95] cannot find symbol
  symbol:   method getExitTime()
  location: variable session of type com.parking.management.module.session.ParkingSession
[ERROR] /C:/Users/khait/OneDrive/Desktop/parkingmanagementsystem/src/main/java/com/parking/management/module/payment/PaymentService.java:[64,16] cannot find symbol
  symbol:   method setExitTime(java.time.LocalDateTime)
  location: variable session of type com.parking.management.module.session.ParkingSession
[ERROR] /C:/Users/khait/OneDrive/Desktop/parkingmanagementsystem/src/main/java/com/parking/management/module/payment/PaymentService.java:[67,37] cannot find symbol
  symbol:   method getVehicle()
  location: variable session of type com.parking.management.module.session.ParkingSession
[ERROR] /C:/Users/khait/OneDrive/Desktop/parkingmanagementsystem/src/main/java/com/parking/management/module/payment/PaymentService.java:[68,24] cannot find symbol
  symbol:   method getEntryTime()
  location: variable session of type com.parking.management.module.session.ParkingSession
[ERROR] /C:/Users/khait/OneDrive/Desktop/parkingmanagementsystem/src/main/java/com/parking/management/module/payment/PaymentService.java:[70,40] cannot find symbol
  symbol:   method getFinalFee()
  location: variable feeResponse of type com.parking.management.module.pricing.FeeCalculationResponse
[ERROR] /C:/Users/khait/OneDrive/Desktop/parkingmanagementsystem/src/main/java/com/parking/management/module/payment/PaymentService.java:[74,16] cannot find symbol
  symbol:   method setSession(com.parking.management.module.session.ParkingSession)
  location: variable payment of type com.parking.management.module.payment.Payment
[ERROR] /C:/Users/khait/OneDrive/Desktop/parkingmanagementsystem/src/main/java/com/parking/management/module/payment/PaymentService.java:[75,38] cannot find symbol
  symbol:   method getFinalFee()
  location: variable feeResponse of type com.parking.management.module.pricing.FeeCalculationResponse
[ERROR] /C:/Users/khait/OneDrive/Desktop/parkingmanagementsystem/src/main/java/com/parking/management/module/payment/PaymentService.java:[76,41] cannot find symbol
  symbol:   method getPaymentMethod()
  location: variable request of type com.parking.management.module.payment.PaymentRequest
[ERROR] /C:/Users/khait/OneDrive/Desktop/parkingmanagementsystem/src/main/java/com/parking/management/module/payment/PaymentService.java:[77,16] cannot find symbol
  symbol:   method setPaymentStatus(java.lang.String)
  location: variable payment of type com.parking.management.module.payment.Payment
[ERROR] /C:/Users/khait/OneDrive/Desktop/parkingmanagementsystem/src/main/java/com/parking/management/module/payment/PaymentService.java:[82,73] cannot find symbol
  symbol:   method getReservationId()
  location: variable request of type com.parking.management.module.payment.PaymentRequest
[ERROR] /C:/Users/khait/OneDrive/Desktop/parkingmanagementsystem/src/main/java/com/parking/management/module/payment/PaymentService.java:[83,109] cannot find symbol
  symbol:   method getReservationId()
  location: variable request of type com.parking.management.module.payment.PaymentRequest
[ERROR] /C:/Users/khait/OneDrive/Desktop/parkingmanagementsystem/src/main/java/com/parking/management/module/payment/PaymentService.java:[85,42] cannot find symbol
  symbol:   method getStatus()
  location: variable reservation of type com.parking.management.module.reservation.Reservation
[ERROR] /C:/Users/khait/OneDrive/Desktop/parkingmanagementsystem/src/main/java/com/parking/management/module/payment/PaymentService.java:[90,41] cannot find symbol
  symbol:   method getVehicleType()
  location: variable reservation of type com.parking.management.module.reservation.Reservation
[ERROR] /C:/Users/khait/OneDrive/Desktop/parkingmanagementsystem/src/main/java/com/parking/management/module/payment/PaymentService.java:[91,28] cannot find symbol
  symbol:   method getReservationStart()
  location: variable reservation of type com.parking.management.module.reservation.Reservation
[ERROR] /C:/Users/khait/OneDrive/Desktop/parkingmanagementsystem/src/main/java/com/parking/management/module/payment/PaymentService.java:[91,63] cannot find symbol
  symbol:   method getReservationEnd()
  location: variable reservation of type com.parking.management.module.reservation.Reservation
[ERROR] /C:/Users/khait/OneDrive/Desktop/parkingmanagementsystem/src/main/java/com/parking/management/module/payment/PaymentService.java:[94,16] cannot find symbol
  symbol:   method setReservation(com.parking.management.module.reservation.Reservation)
  location: variable payment of type com.parking.management.module.payment.Payment
[ERROR] /C:/Users/khait/OneDrive/Desktop/parkingmanagementsystem/src/main/java/com/parking/management/module/payment/PaymentService.java:[95,38] cannot find symbol
  symbol:   method getFinalFee()
  location: variable feeResponse of type com.parking.management.module.pricing.FeeCalculationResponse
[ERROR] /C:/Users/khait/OneDrive/Desktop/parkingmanagementsystem/src/main/java/com/parking/management/module/payment/PaymentService.java:[96,41] cannot find symbol
  symbol:   method getPaymentMethod()
  location: variable request of type com.parking.management.module.payment.PaymentRequest
[ERROR] /C:/Users/khait/OneDrive/Desktop/parkingmanagementsystem/src/main/java/com/parking/management/module/payment/PaymentService.java:[97,16] cannot find symbol
  symbol:   method setPaymentStatus(java.lang.String)
  location: variable payment of type com.parking.management.module.payment.Payment
[ERROR] /C:/Users/khait/OneDrive/Desktop/parkingmanagementsystem/src/main/java/com/parking/management/module/payment/PaymentService.java:[133,41] cannot find symbol
  symbol:   method getPaymentStatus()
  location: variable request of type com.parking.management.module.payment.PaymentStatusUpdateRequest
[ERROR] /C:/Users/khait/OneDrive/Desktop/parkingmanagementsystem/src/main/java/com/parking/management/module/payment/PaymentService.java:[135,20] cannot find symbol
  symbol:   method getPaymentStatus()
  location: variable request of type com.parking.management.module.payment.PaymentStatusUpdateRequest
[ERROR] /C:/Users/khait/OneDrive/Desktop/parkingmanagementsystem/src/main/java/com/parking/management/module/payment/PaymentService.java:[136,20] cannot find symbol
  symbol:   method setPaidAt(java.time.LocalDateTime)
  location: variable payment of type com.parking.management.module.payment.Payment
[ERROR] /C:/Users/khait/OneDrive/Desktop/parkingmanagementsystem/src/main/java/com/parking/management/module/payment/PaymentService.java:[139,20] cannot find symbol
  symbol:   method getPaymentStatus()
  location: variable request of type com.parking.management.module.payment.PaymentStatusUpdateRequest
[ERROR] /C:/Users/khait/OneDrive/Desktop/parkingmanagementsystem/src/main/java/com/parking/management/module/payment/PaymentService.java:[140,20] cannot find symbol
  symbol:   method setPaidAt(<nulltype>)
  location: variable payment of type com.parking.management.module.payment.Payment
[ERROR] /C:/Users/khait/OneDrive/Desktop/parkingmanagementsystem/src/main/java/com/parking/management/module/payment/PaymentService.java:[155,54] cannot find symbol
  symbol:   method getPaymentMethod()
  location: variable payment of type com.parking.management.module.payment.Payment
[ERROR] /C:/Users/khait/OneDrive/Desktop/parkingmanagementsystem/src/main/java/com/parking/management/module/payment/PaymentService.java:[159,53] cannot find symbol
  symbol:   method getPaymentStatus()
  location: variable payment of type com.parking.management.module.payment.Payment
[ERROR] /C:/Users/khait/OneDrive/Desktop/parkingmanagementsystem/src/main/java/com/parking/management/module/payment/PaymentService.java:[163,55] cannot find symbol
  symbol:   method getPaymentStatus()
  location: variable payment of type com.parking.management.module.payment.Payment
[ERROR] /C:/Users/khait/OneDrive/Desktop/parkingmanagementsystem/src/main/java/com/parking/management/module/payment/PaymentService.java:[167,16] cannot find symbol
  symbol:   method setPaymentStatus(java.lang.String)
  location: variable payment of type com.parking.management.module.payment.Payment
[ERROR] /C:/Users/khait/OneDrive/Desktop/parkingmanagementsystem/src/main/java/com/parking/management/module/payment/PaymentService.java:[168,16] cannot find symbol
  symbol:   method setPaidAt(java.time.LocalDateTime)
  location: variable payment of type com.parking.management.module.payment.Payment
[ERROR] /C:/Users/khait/OneDrive/Desktop/parkingmanagementsystem/src/main/java/com/parking/management/module/payment/PaymentService.java:[190,38] cannot find symbol
  symbol:   method getPaymentId()
  location: variable payment of type com.parking.management.module.payment.Payment
[ERROR] /C:/Users/khait/OneDrive/Desktop/parkingmanagementsystem/src/main/java/com/parking/management/module/payment/PaymentService.java:[192,20] cannot find symbol
  symbol:   method getSession()
  location: variable payment of type com.parking.management.module.payment.Payment
[ERROR] /C:/Users/khait/OneDrive/Desktop/parkingmanagementsystem/src/main/java/com/parking/management/module/payment/PaymentService.java:[193,42] cannot find symbol
  symbol:   method getSession()
  location: variable payment of type com.parking.management.module.payment.Payment
[ERROR] /C:/Users/khait/OneDrive/Desktop/parkingmanagementsystem/src/main/java/com/parking/management/module/payment/PaymentService.java:[195,20] cannot find symbol
  symbol:   method getReservation()
  location: variable payment of type com.parking.management.module.payment.Payment
[ERROR] /C:/Users/khait/OneDrive/Desktop/parkingmanagementsystem/src/main/java/com/parking/management/module/payment/PaymentService.java:[196,46] cannot find symbol
  symbol:   method getReservation()
  location: variable payment of type com.parking.management.module.payment.Payment
[ERROR] /C:/Users/khait/OneDrive/Desktop/parkingmanagementsystem/src/main/java/com/parking/management/module/payment/PaymentService.java:[199,35] cannot find symbol
  symbol:   method getAmount()
  location: variable payment of type com.parking.management.module.payment.Payment
[ERROR] /C:/Users/khait/OneDrive/Desktop/parkingmanagementsystem/src/main/java/com/parking/management/module/payment/PaymentService.java:[200,42] cannot find symbol
  symbol:   method getPaymentMethod()
  location: variable payment of type com.parking.management.module.payment.Payment
[ERROR] /C:/Users/khait/OneDrive/Desktop/parkingmanagementsystem/src/main/java/com/parking/management/module/payment/PaymentService.java:[201,42] cannot find symbol
  symbol:   method getPaymentStatus()
  location: variable payment of type com.parking.management.module.payment.Payment
[ERROR] /C:/Users/khait/OneDrive/Desktop/parkingmanagementsystem/src/main/java/com/parking/management/module/payment/PaymentService.java:[202,35] cannot find symbol
  symbol:   method getPaidAt()
  location: variable payment of type com.parking.management.module.payment.Payment
[ERROR] /C:/Users/khait/OneDrive/Desktop/parkingmanagementsystem/src/main/java/com/parking/management/module/payment/PaymentService.java:[210,21] cannot find symbol
  symbol:   method getPaymentMethod()
  location: variable response of type com.parking.management.module.payment.PaymentResponse
[ERROR] /C:/Users/khait/OneDrive/Desktop/parkingmanagementsystem/src/main/java/com/parking/management/module/payment/PaymentService.java:[210,60] cannot find symbol
  symbol:   method getPaymentStatus()
  location: variable response of type com.parking.management.module.payment.PaymentResponse
[ERROR] /C:/Users/khait/OneDrive/Desktop/parkingmanagementsystem/src/main/java/com/parking/management/module/payment/PaymentService.java:[214,58] cannot find symbol
  symbol:   method getPaymentStatus()
  location: variable response of type com.parking.management.module.payment.PaymentResponse
[ERROR] /C:/Users/khait/OneDrive/Desktop/parkingmanagementsystem/src/main/java/com/parking/management/module/payment/PaymentService.java:[215,21] cannot find symbol
  symbol:   method setPaymentInstruction(java.lang.String)
  location: variable response of type com.parking.management.module.payment.PaymentResponse
[ERROR] /C:/Users/khait/OneDrive/Desktop/parkingmanagementsystem/src/main/java/com/parking/management/module/payment/PaymentService.java:[219,54] cannot find symbol
  symbol:   method getPaymentMethod()
  location: variable response of type com.parking.management.module.payment.PaymentResponse
[ERROR] /C:/Users/khait/OneDrive/Desktop/parkingmanagementsystem/src/main/java/com/parking/management/module/payment/PaymentService.java:[220,21] cannot find symbol
  symbol:   method setPaymentInstruction(java.lang.String)
  location: variable response of type com.parking.management.module.payment.PaymentResponse
[ERROR] /C:/Users/khait/OneDrive/Desktop/parkingmanagementsystem/src/main/java/com/parking/management/module/payment/PaymentService.java:[224,63] cannot find symbol
  symbol:   method getPaymentMethod()
  location: variable response of type com.parking.management.module.payment.PaymentResponse
[ERROR] /C:/Users/khait/OneDrive/Desktop/parkingmanagementsystem/src/main/java/com/parking/management/module/payment/PaymentService.java:[225,21] cannot find symbol
  symbol:   method setPaymentInstruction(java.lang.String)
  location: variable response of type com.parking.management.module.payment.PaymentResponse
[ERROR] /C:/Users/khait/OneDrive/Desktop/parkingmanagementsystem/src/main/java/com/parking/management/module/payment/PaymentService.java:[226,73] cannot find symbol
  symbol:   method getPaymentId()
  location: variable response of type com.parking.management.module.payment.PaymentResponse
[ERROR] /C:/Users/khait/OneDrive/Desktop/parkingmanagementsystem/src/main/java/com/parking/management/module/payment/PaymentService.java:[227,44] cannot find symbol
  symbol:   method getAmount()
  location: variable response of type com.parking.management.module.payment.PaymentResponse
[ERROR] /C:/Users/khait/OneDrive/Desktop/parkingmanagementsystem/src/main/java/com/parking/management/module/payment/PaymentService.java:[228,52] cannot find symbol
  symbol:   method getPaymentId()
  location: variable response of type com.parking.management.module.payment.PaymentResponse
[ERROR] /C:/Users/khait/OneDrive/Desktop/parkingmanagementsystem/src/main/java/com/parking/management/module/payment/PaymentService.java:[229,98] cannot find symbol
  symbol:   method getPaymentId()
  location: variable response of type com.parking.management.module.payment.PaymentResponse
[ERROR] /C:/Users/khait/OneDrive/Desktop/parkingmanagementsystem/src/main/java/com/parking/management/module/payment/PaymentService.java:[233,58] cannot find symbol
  symbol:   method getPaymentMethod()
  location: variable response of type com.parking.management.module.payment.PaymentResponse
[ERROR] /C:/Users/khait/OneDrive/Desktop/parkingmanagementsystem/src/main/java/com/parking/management/module/payment/PaymentService.java:[234,21] cannot find symbol
  symbol:   method setPaymentInstruction(java.lang.String)
  location: variable response of type com.parking.management.module.payment.PaymentResponse
[ERROR] /C:/Users/khait/OneDrive/Desktop/parkingmanagementsystem/src/main/java/com/parking/management/module/payment/PaymentService.java:[235,68] cannot find symbol
  symbol:   method getPaymentId()
  location: variable response of type com.parking.management.module.payment.PaymentResponse
[ERROR] /C:/Users/khait/OneDrive/Desktop/parkingmanagementsystem/src/main/java/com/parking/management/module/payment/PaymentService.java:[236,44] cannot find symbol
  symbol:   method getAmount()
  location: variable response of type com.parking.management.module.payment.PaymentResponse
[ERROR] /C:/Users/khait/OneDrive/Desktop/parkingmanagementsystem/src/main/java/com/parking/management/module/payment/PaymentService.java:[237,93] cannot find symbol
  symbol:   method getPaymentId()
  location: variable response of type com.parking.management.module.payment.PaymentResponse
[ERROR] /C:/Users/khait/OneDrive/Desktop/parkingmanagementsystem/src/main/java/com/parking/management/module/payment/PaymentService.java:[241,61] cannot find symbol
  symbol:   method getPaymentMethod()
  location: variable response of type com.parking.management.module.payment.PaymentResponse
[ERROR] /C:/Users/khait/OneDrive/Desktop/parkingmanagementsystem/src/main/java/com/parking/management/module/payment/PaymentService.java:[242,21] cannot find symbol
  symbol:   method setPaymentInstruction(java.lang.String)
  location: variable response of type com.parking.management.module.payment.PaymentResponse
[ERROR] /C:/Users/khait/OneDrive/Desktop/parkingmanagementsystem/src/main/java/com/parking/management/module/payment/PaymentService.java:[243,89] cannot find symbol
  symbol:   method getPaymentId()
  location: variable response of type com.parking.management.module.payment.PaymentResponse
[ERROR] /C:/Users/khait/OneDrive/Desktop/parkingmanagementsystem/src/main/java/com/parking/management/module/payment/PaymentService.java:[253,57] cannot find symbol
  symbol:   method getPaymentStatus()
  location: variable payment of type com.parking.management.module.payment.Payment
[ERROR] /C:/Users/khait/OneDrive/Desktop/parkingmanagementsystem/src/main/java/com/parking/management/module/payment/PaymentService.java:[257,53] cannot find symbol
  symbol:   method getPaymentMethod()
  location: variable payment of type com.parking.management.module.payment.Payment
[ERROR] /C:/Users/khait/OneDrive/Desktop/parkingmanagementsystem/src/main/java/com/parking/management/module/payment/PaymentService.java:[261,48] cannot find symbol
  symbol:   method getPaymentId()
  location: variable payment of type com.parking.management.module.payment.Payment
[ERROR] /C:/Users/khait/OneDrive/Desktop/parkingmanagementsystem/src/main/java/com/parking/management/module/payment/PaymentService.java:[264,20] cannot find symbol
  symbol:   method setPayment(com.parking.management.module.payment.Payment)
  location: variable transaction of type com.parking.management.module.payment.PaymentTransaction
[ERROR] /C:/Users/khait/OneDrive/Desktop/parkingmanagementsystem/src/main/java/com/parking/management/module/payment/PaymentService.java:[265,20] cannot find symbol
  symbol:   method setGateway(java.lang.String)
  location: variable transaction of type com.parking.management.module.payment.PaymentTransaction
[ERROR] /C:/Users/khait/OneDrive/Desktop/parkingmanagementsystem/src/main/java/com/parking/management/module/payment/PaymentService.java:[266,20] cannot find symbol
  symbol:   method setTransactionRef(java.lang.String)
  location: variable transaction of type com.parking.management.module.payment.PaymentTransaction
[ERROR] /C:/Users/khait/OneDrive/Desktop/parkingmanagementsystem/src/main/java/com/parking/management/module/payment/PaymentService.java:[267,38] cannot find symbol
  symbol:   method getAmount()
  location: variable payment of type com.parking.management.module.payment.Payment
[ERROR] /C:/Users/khait/OneDrive/Desktop/parkingmanagementsystem/src/main/java/com/parking/management/module/payment/PaymentService.java:[268,20] cannot find symbol
  symbol:   method setTransactionStatus(java.lang.String)
  location: variable transaction of type com.parking.management.module.payment.PaymentTransaction
[ERROR] /C:/Users/khait/OneDrive/Desktop/parkingmanagementsystem/src/main/java/com/parking/management/module/payment/PaymentService.java:[271,20] cannot find symbol
  symbol:   method setPaymentUrl(java.lang.String)
  location: variable transaction of type com.parking.management.module.payment.PaymentTransaction
[ERROR] /C:/Users/khait/OneDrive/Desktop/parkingmanagementsystem/src/main/java/com/parking/management/module/payment/PaymentService.java:[291,20] cannot find symbol
  symbol:   method setResponseCode(java.lang.String)
  location: variable transaction of type com.parking.management.module.payment.PaymentTransaction
[ERROR] /C:/Users/khait/OneDrive/Desktop/parkingmanagementsystem/src/main/java/com/parking/management/module/payment/PaymentService.java:[292,20] cannot find symbol
  symbol:   method setResponseMessage(java.lang.String)
  location: variable transaction of type com.parking.management.module.payment.PaymentTransaction
[ERROR] /C:/Users/khait/OneDrive/Desktop/parkingmanagementsystem/src/main/java/com/parking/management/module/payment/PaymentService.java:[295,24] cannot find symbol
  symbol:   method setTransactionStatus(java.lang.String)
  location: variable transaction of type com.parking.management.module.payment.PaymentTransaction
[ERROR] /C:/Users/khait/OneDrive/Desktop/parkingmanagementsystem/src/main/java/com/parking/management/module/payment/PaymentService.java:[296,24] cannot find symbol
  symbol:   method setResponseMessage(java.lang.String)
  location: variable transaction of type com.parking.management.module.payment.PaymentTransaction
[ERROR] /C:/Users/khait/OneDrive/Desktop/parkingmanagementsystem/src/main/java/com/parking/management/module/payment/PaymentService.java:[301,38] cannot find symbol
  symbol:   method getPayment()
  location: variable transaction of type com.parking.management.module.payment.PaymentTransaction
[ERROR] /C:/Users/khait/OneDrive/Desktop/parkingmanagementsystem/src/main/java/com/parking/management/module/payment/PaymentService.java:[304,24] cannot find symbol
  symbol:   method setTransactionStatus(java.lang.String)
  location: variable transaction of type com.parking.management.module.payment.PaymentTransaction
[ERROR] /C:/Users/khait/OneDrive/Desktop/parkingmanagementsystem/src/main/java/com/parking/management/module/payment/PaymentService.java:[305,24] cannot find symbol
  symbol:   method setPaidAt(java.time.LocalDateTime)
  location: variable transaction of type com.parking.management.module.payment.PaymentTransaction
[ERROR] /C:/Users/khait/OneDrive/Desktop/parkingmanagementsystem/src/main/java/com/parking/management/module/payment/PaymentService.java:[307,20] cannot find symbol
  symbol:   method setPaymentStatus(java.lang.String)
  location: variable payment of type com.parking.management.module.payment.Payment
[ERROR] /C:/Users/khait/OneDrive/Desktop/parkingmanagementsystem/src/main/java/com/parking/management/module/payment/PaymentService.java:[308,20] cannot find symbol
  symbol:   method setPaidAt(java.time.LocalDateTime)
  location: variable payment of type com.parking.management.module.payment.Payment
[ERROR] /C:/Users/khait/OneDrive/Desktop/parkingmanagementsystem/src/main/java/com/parking/management/module/payment/PaymentService.java:[311,24] cannot find symbol
  symbol:   method getReservation()
  location: variable payment of type com.parking.management.module.payment.Payment
[ERROR] /C:/Users/khait/OneDrive/Desktop/parkingmanagementsystem/src/main/java/com/parking/management/module/payment/PaymentService.java:[312,50] cannot find symbol
  symbol:   method getReservation()
  location: variable payment of type com.parking.management.module.payment.Payment
[ERROR] /C:/Users/khait/OneDrive/Desktop/parkingmanagementsystem/src/main/java/com/parking/management/module/payment/PaymentService.java:[313,28] cannot find symbol
  symbol:   method setStatus(java.lang.String)
  location: variable reservation of type com.parking.management.module.reservation.Reservation
[ERROR] /C:/Users/khait/OneDrive/Desktop/parkingmanagementsystem/src/main/java/com/parking/management/module/payment/PaymentService.java:[316,47] cannot find symbol
  symbol:   method getSlot()
  location: variable reservation of type com.parking.management.module.reservation.Reservation
[ERROR] /C:/Users/khait/OneDrive/Desktop/parkingmanagementsystem/src/main/java/com/parking/management/module/payment/PaymentService.java:[317,25] cannot find symbol
  symbol:   method getStatus()
  location: variable slot of type com.parking.management.module.slot.ParkingSlot
[ERROR] /C:/Users/khait/OneDrive/Desktop/parkingmanagementsystem/src/main/java/com/parking/management/module/payment/PaymentService.java:[318,25] cannot find symbol
  symbol:   method setStatus(com.parking.management.module.slot.SlotStatus)
  location: variable slot of type com.parking.management.module.slot.ParkingSlot
[ERROR] /C:/Users/khait/OneDrive/Desktop/parkingmanagementsystem/src/main/java/com/parking/management/module/payment/PaymentService.java:[324,48] cannot find symbol
  symbol:   method getVehicleType()
  location: variable reservation of type com.parking.management.module.reservation.Reservation
[ERROR] /C:/Users/khait/OneDrive/Desktop/parkingmanagementsystem/src/main/java/com/parking/management/module/payment/PaymentService.java:[329,32] cannot find symbol
  symbol:   method setStatus(com.parking.management.module.slot.SlotStatus)
  location: variable newSlot of type com.parking.management.module.slot.ParkingSlot
[ERROR] /C:/Users/khait/OneDrive/Desktop/parkingmanagementsystem/src/main/java/com/parking/management/module/payment/PaymentService.java:[331,36] cannot find symbol
  symbol:   method setSlot(com.parking.management.module.slot.ParkingSlot)
  location: variable reservation of type com.parking.management.module.reservation.Reservation
[ERROR] /C:/Users/khait/OneDrive/Desktop/parkingmanagementsystem/src/main/java/com/parking/management/module/payment/PaymentService.java:[335,127] cannot find symbol
  symbol:   method getReservationId()
  location: variable reservation of type com.parking.management.module.reservation.Reservation
[ERROR] /C:/Users/khait/OneDrive/Desktop/parkingmanagementsystem/src/main/java/com/parking/management/module/payment/PaymentService.java:[339,118] cannot find symbol
  symbol:   method getReservationId()
  location: variable reservation of type com.parking.management.module.reservation.Reservation
[INFO] 100 errors 
[INFO] -------------------------------------------------------------
[INFO] ------------------------------------------------------------------------
[INFO] BUILD FAILURE
[INFO] ------------------------------------------------------------------------
[INFO] Total time:  4.088 s
[INFO] Finished at: 2026-06-10T22:14:48+07:00
[INFO] ------------------------------------------------------------------------
[ERROR] Failed to execute goal org.apache.maven.plugins:maven-compiler-plugin:3.11.0:compile (default-compile) on project management: Compilation failure: Compilation failure: 
[ERROR] /C:/Users/khait/OneDrive/Desktop/parkingmanagementsystem/src/main/java/com/parking/management/module/session/SessionController.java:[97,41] method getActiveSessionByLicensePlate(java.lang.String) is already defined in class com.parking.management.module.session.SessionController
[ERROR] /C:/Users/khait/OneDrive/Desktop/parkingmanagementsystem/src/main/java/com/parking/management/common/ApiResponse.java:[16,16] constructor ApiResponse in class com.parking.management.common.ApiResponse<T> cannot be applied to given types;
[ERROR]   required: no arguments
[ERROR]   found:    boolean,java.lang.String,U
[ERROR]   reason: actual and formal argument lists differ in length
[ERROR] /C:/Users/khait/OneDrive/Desktop/parkingmanagementsystem/src/main/java/com/parking/management/common/ApiResponse.java:[20,16] constructor ApiResponse in class com.parking.management.common.ApiResponse<T> cannot be applied to given types;
[ERROR]   required: no arguments
[ERROR]   found:    boolean,java.lang.String,<nulltype>
[ERROR]   reason: actual and formal argument lists differ in length
[ERROR] /C:/Users/khait/OneDrive/Desktop/parkingmanagementsystem/src/main/java/com/parking/management/common/ApiResponse.java:[24,16] constructor ApiResponse in class com.parking.management.common.ApiResponse<T> cannot be applied to given types;
[ERROR]   required: no arguments
[ERROR]   found:    boolean,java.lang.String,U
[ERROR]   reason: actual and formal argument lists differ in length
[ERROR] /C:/Users/khait/OneDrive/Desktop/parkingmanagementsystem/src/main/java/com/parking/management/module/payment/PaymentService.java:[36,20] cannot find symbol
[ERROR]   symbol:   method getSessionId()
[ERROR]   location: variable request of type com.parking.management.module.payment.PaymentRequest
[ERROR] /C:/Users/khait/OneDrive/Desktop/parkingmanagementsystem/src/main/java/com/parking/management/module/payment/PaymentService.java:[38,27] cannot find symbol
[ERROR]   symbol:   method getReservationId()
[ERROR]   location: variable request of type com.parking.management.module.payment.PaymentRequest
[ERROR] /C:/Users/khait/OneDrive/Desktop/parkingmanagementsystem/src/main/java/com/parking/management/module/payment/PaymentService.java:[46,75] cannot find symbol
[ERROR]   symbol:   method getSessionId()
[ERROR]   location: variable request of type com.parking.management.module.payment.PaymentRequest
[ERROR] /C:/Users/khait/OneDrive/Desktop/parkingmanagementsystem/src/main/java/com/parking/management/module/payment/PaymentService.java:[47,113] cannot find symbol
[ERROR]   symbol:   method getSessionId()
[ERROR]   location: variable request of type com.parking.management.module.payment.PaymentRequest
[ERROR] /C:/Users/khait/OneDrive/Desktop/parkingmanagementsystem/src/main/java/com/parking/management/module/payment/PaymentService.java:[49,58] cannot find symbol
[ERROR]   symbol:   method getSessionId()
[ERROR]   location: variable request of type com.parking.management.module.payment.PaymentRequest
[ERROR] /C:/Users/khait/OneDrive/Desktop/parkingmanagementsystem/src/main/java/com/parking/management/module/payment/PaymentService.java:[59,20] cannot find symbol
[ERROR]   symbol:   method getVehicle()
[ERROR]   location: variable session of type com.parking.management.module.session.ParkingSession
[ERROR] /C:/Users/khait/OneDrive/Desktop/parkingmanagementsystem/src/main/java/com/parking/management/module/payment/PaymentService.java:[59,52] cannot find symbol
[ERROR]   symbol:   method getVehicle()
[ERROR]   location: variable session of type com.parking.management.module.session.ParkingSession
[ERROR] /C:/Users/khait/OneDrive/Desktop/parkingmanagementsystem/src/main/java/com/parking/management/module/payment/PaymentService.java:[59,101] cannot find symbol
[ERROR]   symbol:   method getEntryTime()
[ERROR]   location: variable session of type com.parking.management.module.session.ParkingSession
[ERROR] /C:/Users/khait/OneDrive/Desktop/parkingmanagementsystem/src/main/java/com/parking/management/module/payment/PaymentService.java:[63,41] cannot find symbol
[ERROR]   symbol:   method getExitTime()
[ERROR]   location: variable session of type com.parking.management.module.session.ParkingSession
[ERROR] /C:/Users/khait/OneDrive/Desktop/parkingmanagementsystem/src/main/java/com/parking/management/module/payment/PaymentService.java:[63,95] cannot find symbol
[ERROR]   symbol:   method getExitTime()
[ERROR]   location: variable session of type com.parking.management.module.session.ParkingSession
[ERROR] /C:/Users/khait/OneDrive/Desktop/parkingmanagementsystem/src/main/java/com/parking/management/module/payment/PaymentService.java:[64,16] cannot find symbol
[ERROR]   symbol:   method setExitTime(java.time.LocalDateTime)
[ERROR]   location: variable session of type com.parking.management.module.session.ParkingSession
[ERROR] /C:/Users/khait/OneDrive/Desktop/parkingmanagementsystem/src/main/java/com/parking/management/module/payment/PaymentService.java:[67,37] cannot find symbol
[ERROR]   symbol:   method getVehicle()
[ERROR]   location: variable session of type com.parking.management.module.session.ParkingSession
[ERROR] /C:/Users/khait/OneDrive/Desktop/parkingmanagementsystem/src/main/java/com/parking/management/module/payment/PaymentService.java:[68,24] cannot find symbol
[ERROR]   symbol:   method getEntryTime()
[ERROR]   location: variable session of type com.parking.management.module.session.ParkingSession
[ERROR] /C:/Users/khait/OneDrive/Desktop/parkingmanagementsystem/src/main/java/com/parking/management/module/payment/PaymentService.java:[70,40] cannot find symbol
[ERROR]   symbol:   method getFinalFee()
[ERROR]   location: variable feeResponse of type com.parking.management.module.pricing.FeeCalculationResponse
[ERROR] /C:/Users/khait/OneDrive/Desktop/parkingmanagementsystem/src/main/java/com/parking/management/module/payment/PaymentService.java:[74,16] cannot find symbol
[ERROR]   symbol:   method setSession(com.parking.management.module.session.ParkingSession)
[ERROR]   location: variable payment of type com.parking.management.module.payment.Payment
[ERROR] /C:/Users/khait/OneDrive/Desktop/parkingmanagementsystem/src/main/java/com/parking/management/module/payment/PaymentService.java:[75,38] cannot find symbol
[ERROR]   symbol:   method getFinalFee()
[ERROR]   location: variable feeResponse of type com.parking.management.module.pricing.FeeCalculationResponse
[ERROR] /C:/Users/khait/OneDrive/Desktop/parkingmanagementsystem/src/main/java/com/parking/management/module/payment/PaymentService.java:[76,41] cannot find symbol
[ERROR]   symbol:   method getPaymentMethod()
[ERROR]   location: variable request of type com.parking.management.module.payment.PaymentRequest
[ERROR] /C:/Users/khait/OneDrive/Desktop/parkingmanagementsystem/src/main/java/com/parking/management/module/payment/PaymentService.java:[77,16] cannot find symbol
[ERROR]   symbol:   method setPaymentStatus(java.lang.String)
[ERROR]   location: variable payment of type com.parking.management.module.payment.Payment
[ERROR] /C:/Users/khait/OneDrive/Desktop/parkingmanagementsystem/src/main/java/com/parking/management/module/payment/PaymentService.java:[82,73] cannot find symbol
[ERROR]   symbol:   method getReservationId()
[ERROR]   location: variable request of type com.parking.management.module.payment.PaymentRequest
[ERROR] /C:/Users/khait/OneDrive/Desktop/parkingmanagementsystem/src/main/java/com/parking/management/module/payment/PaymentService.java:[83,109] cannot find symbol
[ERROR]   symbol:   method getReservationId()
[ERROR]   location: variable request of type com.parking.management.module.payment.PaymentRequest
[ERROR] /C:/Users/khait/OneDrive/Desktop/parkingmanagementsystem/src/main/java/com/parking/management/module/payment/PaymentService.java:[85,42] cannot find symbol
[ERROR]   symbol:   method getStatus()
[ERROR]   location: variable reservation of type com.parking.management.module.reservation.Reservation
[ERROR] /C:/Users/khait/OneDrive/Desktop/parkingmanagementsystem/src/main/java/com/parking/management/module/payment/PaymentService.java:[90,41] cannot find symbol
[ERROR]   symbol:   method getVehicleType()
[ERROR]   location: variable reservation of type com.parking.management.module.reservation.Reservation
[ERROR] /C:/Users/khait/OneDrive/Desktop/parkingmanagementsystem/src/main/java/com/parking/management/module/payment/PaymentService.java:[91,28] cannot find symbol
[ERROR]   symbol:   method getReservationStart()
[ERROR]   location: variable reservation of type com.parking.management.module.reservation.Reservation
[ERROR] /C:/Users/khait/OneDrive/Desktop/parkingmanagementsystem/src/main/java/com/parking/management/module/payment/PaymentService.java:[91,63] cannot find symbol
[ERROR]   symbol:   method getReservationEnd()
[ERROR]   location: variable reservation of type com.parking.management.module.reservation.Reservation
[ERROR] /C:/Users/khait/OneDrive/Desktop/parkingmanagementsystem/src/main/java/com/parking/management/module/payment/PaymentService.java:[94,16] cannot find symbol
[ERROR]   symbol:   method setReservation(com.parking.management.module.reservation.Reservation)
[ERROR]   location: variable payment of type com.parking.management.module.payment.Payment
[ERROR] /C:/Users/khait/OneDrive/Desktop/parkingmanagementsystem/src/main/java/com/parking/management/module/payment/PaymentService.java:[95,38] cannot find symbol
[ERROR]   symbol:   method getFinalFee()
[ERROR]   location: variable feeResponse of type com.parking.management.module.pricing.FeeCalculationResponse
[ERROR] /C:/Users/khait/OneDrive/Desktop/parkingmanagementsystem/src/main/java/com/parking/management/module/payment/PaymentService.java:[96,41] cannot find symbol
[ERROR]   symbol:   method getPaymentMethod()
[ERROR]   location: variable request of type com.parking.management.module.payment.PaymentRequest
[ERROR] /C:/Users/khait/OneDrive/Desktop/parkingmanagementsystem/src/main/java/com/parking/management/module/payment/PaymentService.java:[97,16] cannot find symbol
[ERROR]   symbol:   method setPaymentStatus(java.lang.String)
[ERROR]   location: variable payment of type com.parking.management.module.payment.Payment
[ERROR] /C:/Users/khait/OneDrive/Desktop/parkingmanagementsystem/src/main/java/com/parking/management/module/payment/PaymentService.java:[133,41] cannot find symbol
[ERROR]   symbol:   method getPaymentStatus()
[ERROR]   location: variable request of type com.parking.management.module.payment.PaymentStatusUpdateRequest
[ERROR] /C:/Users/khait/OneDrive/Desktop/parkingmanagementsystem/src/main/java/com/parking/management/module/payment/PaymentService.java:[135,20] cannot find symbol
[ERROR]   symbol:   method getPaymentStatus()
[ERROR]   location: variable request of type com.parking.management.module.payment.PaymentStatusUpdateRequest
[ERROR] /C:/Users/khait/OneDrive/Desktop/parkingmanagementsystem/src/main/java/com/parking/management/module/payment/PaymentService.java:[136,20] cannot find symbol
[ERROR]   symbol:   method setPaidAt(java.time.LocalDateTime)
[ERROR]   location: variable payment of type com.parking.management.module.payment.Payment
[ERROR] /C:/Users/khait/OneDrive/Desktop/parkingmanagementsystem/src/main/java/com/parking/management/module/payment/PaymentService.java:[139,20] cannot find symbol
[ERROR]   symbol:   method getPaymentStatus()
[ERROR]   location: variable request of type com.parking.management.module.payment.PaymentStatusUpdateRequest
[ERROR] /C:/Users/khait/OneDrive/Desktop/parkingmanagementsystem/src/main/java/com/parking/management/module/payment/PaymentService.java:[140,20] cannot find symbol
[ERROR]   symbol:   method setPaidAt(<nulltype>)
[ERROR]   location: variable payment of type com.parking.management.module.payment.Payment
[ERROR] /C:/Users/khait/OneDrive/Desktop/parkingmanagementsystem/src/main/java/com/parking/management/module/payment/PaymentService.java:[155,54] cannot find symbol
[ERROR]   symbol:   method getPaymentMethod()
[ERROR]   location: variable payment of type com.parking.management.module.payment.Payment
[ERROR] /C:/Users/khait/OneDrive/Desktop/parkingmanagementsystem/src/main/java/com/parking/management/module/payment/PaymentService.java:[159,53] cannot find symbol
[ERROR]   symbol:   method getPaymentStatus()
[ERROR]   location: variable payment of type com.parking.management.module.payment.Payment
[ERROR] /C:/Users/khait/OneDrive/Desktop/parkingmanagementsystem/src/main/java/com/parking/management/module/payment/PaymentService.java:[163,55] cannot find symbol
[ERROR]   symbol:   method getPaymentStatus()
[ERROR]   location: variable payment of type com.parking.management.module.payment.Payment
[ERROR] /C:/Users/khait/OneDrive/Desktop/parkingmanagementsystem/src/main/java/com/parking/management/module/payment/PaymentService.java:[167,16] cannot find symbol
[ERROR]   symbol:   method setPaymentStatus(java.lang.String)
[ERROR]   location: variable payment of type com.parking.management.module.payment.Payment
[ERROR] /C:/Users/khait/OneDrive/Desktop/parkingmanagementsystem/src/main/java/com/parking/management/module/payment/PaymentService.java:[168,16] cannot find symbol
[ERROR]   symbol:   method setPaidAt(java.time.LocalDateTime)
[ERROR]   location: variable payment of type com.parking.management.module.payment.Payment
[ERROR] /C:/Users/khait/OneDrive/Desktop/parkingmanagementsystem/src/main/java/com/parking/management/module/payment/PaymentService.java:[190,38] cannot find symbol
[ERROR]   symbol:   method getPaymentId()
[ERROR]   location: variable payment of type com.parking.management.module.payment.Payment
[ERROR] /C:/Users/khait/OneDrive/Desktop/parkingmanagementsystem/src/main/java/com/parking/management/module/payment/PaymentService.java:[192,20] cannot find symbol
[ERROR]   symbol:   method getSession()
[ERROR]   location: variable payment of type com.parking.management.module.payment.Payment
[ERROR] /C:/Users/khait/OneDrive/Desktop/parkingmanagementsystem/src/main/java/com/parking/management/module/payment/PaymentService.java:[193,42] cannot find symbol
[ERROR]   symbol:   method getSession()
[ERROR]   location: variable payment of type com.parking.management.module.payment.Payment
[ERROR] /C:/Users/khait/OneDrive/Desktop/parkingmanagementsystem/src/main/java/com/parking/management/module/payment/PaymentService.java:[195,20] cannot find symbol
[ERROR]   symbol:   method getReservation()
[ERROR]   location: variable payment of type com.parking.management.module.payment.Payment
[ERROR] /C:/Users/khait/OneDrive/Desktop/parkingmanagementsystem/src/main/java/com/parking/management/module/payment/PaymentService.java:[196,46] cannot find symbol
[ERROR]   symbol:   method getReservation()
[ERROR]   location: variable payment of type com.parking.management.module.payment.Payment
[ERROR] /C:/Users/khait/OneDrive/Desktop/parkingmanagementsystem/src/main/java/com/parking/management/module/payment/PaymentService.java:[199,35] cannot find symbol
[ERROR]   symbol:   method getAmount()
[ERROR]   location: variable payment of type com.parking.management.module.payment.Payment
[ERROR] /C:/Users/khait/OneDrive/Desktop/parkingmanagementsystem/src/main/java/com/parking/management/module/payment/PaymentService.java:[200,42] cannot find symbol
[ERROR]   symbol:   method getPaymentMethod()
[ERROR]   location: variable payment of type com.parking.management.module.payment.Payment
[ERROR] /C:/Users/khait/OneDrive/Desktop/parkingmanagementsystem/src/main/java/com/parking/management/module/payment/PaymentService.java:[201,42] cannot find symbol
[ERROR]   symbol:   method getPaymentStatus()
[ERROR]   location: variable payment of type com.parking.management.module.payment.Payment
[ERROR] /C:/Users/khait/OneDrive/Desktop/parkingmanagementsystem/src/main/java/com/parking/management/module/payment/PaymentService.java:[202,35] cannot find symbol
[ERROR]   symbol:   method getPaidAt()
[ERROR]   location: variable payment of type com.parking.management.module.payment.Payment
[ERROR] /C:/Users/khait/OneDrive/Desktop/parkingmanagementsystem/src/main/java/com/parking/management/module/payment/PaymentService.java:[210,21] cannot find symbol
[ERROR]   symbol:   method getPaymentMethod()
[ERROR]   location: variable response of type com.parking.management.module.payment.PaymentResponse
[ERROR] /C:/Users/khait/OneDrive/Desktop/parkingmanagementsystem/src/main/java/com/parking/management/module/payment/PaymentService.java:[210,60] cannot find symbol
[ERROR]   symbol:   method getPaymentStatus()
[ERROR]   location: variable response of type com.parking.management.module.payment.PaymentResponse
[ERROR] /C:/Users/khait/OneDrive/Desktop/parkingmanagementsystem/src/main/java/com/parking/management/module/payment/PaymentService.java:[214,58] cannot find symbol
[ERROR]   symbol:   method getPaymentStatus()
[ERROR]   location: variable response of type com.parking.management.module.payment.PaymentResponse
[ERROR] /C:/Users/khait/OneDrive/Desktop/parkingmanagementsystem/src/main/java/com/parking/management/module/payment/PaymentService.java:[215,21] cannot find symbol
[ERROR]   symbol:   method setPaymentInstruction(java.lang.String)
[ERROR]   location: variable response of type com.parking.management.module.payment.PaymentResponse
[ERROR] /C:/Users/khait/OneDrive/Desktop/parkingmanagementsystem/src/main/java/com/parking/management/module/payment/PaymentService.java:[219,54] cannot find symbol
[ERROR]   symbol:   method getPaymentMethod()
[ERROR]   location: variable response of type com.parking.management.module.payment.PaymentResponse
[ERROR] /C:/Users/khait/OneDrive/Desktop/parkingmanagementsystem/src/main/java/com/parking/management/module/payment/PaymentService.java:[220,21] cannot find symbol
[ERROR]   symbol:   method setPaymentInstruction(java.lang.String)
[ERROR]   location: variable response of type com.parking.management.module.payment.PaymentResponse
[ERROR] /C:/Users/khait/OneDrive/Desktop/parkingmanagementsystem/src/main/java/com/parking/management/module/payment/PaymentService.java:[224,63] cannot find symbol
[ERROR]   symbol:   method getPaymentMethod()
[ERROR]   location: variable response of type com.parking.management.module.payment.PaymentResponse
[ERROR] /C:/Users/khait/OneDrive/Desktop/parkingmanagementsystem/src/main/java/com/parking/management/module/payment/PaymentService.java:[225,21] cannot find symbol
[ERROR]   symbol:   method setPaymentInstruction(java.lang.String)
[ERROR]   location: variable response of type com.parking.management.module.payment.PaymentResponse
[ERROR] /C:/Users/khait/OneDrive/Desktop/parkingmanagementsystem/src/main/java/com/parking/management/module/payment/PaymentService.java:[226,73] cannot find symbol
[ERROR]   symbol:   method getPaymentId()
[ERROR]   location: variable response of type com.parking.management.module.payment.PaymentResponse
[ERROR] /C:/Users/khait/OneDrive/Desktop/parkingmanagementsystem/src/main/java/com/parking/management/module/payment/PaymentService.java:[227,44] cannot find symbol
[ERROR]   symbol:   method getAmount()
[ERROR]   location: variable response of type com.parking.management.module.payment.PaymentResponse
[ERROR] /C:/Users/khait/OneDrive/Desktop/parkingmanagementsystem/src/main/java/com/parking/management/module/payment/PaymentService.java:[228,52] cannot find symbol
[ERROR]   symbol:   method getPaymentId()
[ERROR]   location: variable response of type com.parking.management.module.payment.PaymentResponse
[ERROR] /C:/Users/khait/OneDrive/Desktop/parkingmanagementsystem/src/main/java/com/parking/management/module/payment/PaymentService.java:[229,98] cannot find symbol
[ERROR]   symbol:   method getPaymentId()
[ERROR]   location: variable response of type com.parking.management.module.payment.PaymentResponse
[ERROR] /C:/Users/khait/OneDrive/Desktop/parkingmanagementsystem/src/main/java/com/parking/management/module/payment/PaymentService.java:[233,58] cannot find symbol
[ERROR]   symbol:   method getPaymentMethod()
[ERROR]   location: variable response of type com.parking.management.module.payment.PaymentResponse
[ERROR] /C:/Users/khait/OneDrive/Desktop/parkingmanagementsystem/src/main/java/com/parking/management/module/payment/PaymentService.java:[234,21] cannot find symbol
[ERROR]   symbol:   method setPaymentInstruction(java.lang.String)
[ERROR]   location: variable response of type com.parking.management.module.payment.PaymentResponse
[ERROR] /C:/Users/khait/OneDrive/Desktop/parkingmanagementsystem/src/main/java/com/parking/management/module/payment/PaymentService.java:[235,68] cannot find symbol
[ERROR]   symbol:   method getPaymentId()
[ERROR]   location: variable response of type com.parking.management.module.payment.PaymentResponse
[ERROR] /C:/Users/khait/OneDrive/Desktop/parkingmanagementsystem/src/main/java/com/parking/management/module/payment/PaymentService.java:[236,44] cannot find symbol
[ERROR]   symbol:   method getAmount()
[ERROR]   location: variable response of type com.parking.management.module.payment.PaymentResponse
[ERROR] /C:/Users/khait/OneDrive/Desktop/parkingmanagementsystem/src/main/java/com/parking/management/module/payment/PaymentService.java:[237,93] cannot find symbol
[ERROR]   symbol:   method getPaymentId()
[ERROR]   location: variable response of type com.parking.management.module.payment.PaymentResponse
[ERROR] /C:/Users/khait/OneDrive/Desktop/parkingmanagementsystem/src/main/java/com/parking/management/module/payment/PaymentService.java:[241,61] cannot find symbol
[ERROR]   symbol:   method getPaymentMethod()
[ERROR]   location: variable response of type com.parking.management.module.payment.PaymentResponse
[ERROR] /C:/Users/khait/OneDrive/Desktop/parkingmanagementsystem/src/main/java/com/parking/management/module/payment/PaymentService.java:[242,21] cannot find symbol
[ERROR]   symbol:   method setPaymentInstruction(java.lang.String)
[ERROR]   location: variable response of type com.parking.management.module.payment.PaymentResponse
[ERROR] /C:/Users/khait/OneDrive/Desktop/parkingmanagementsystem/src/main/java/com/parking/management/module/payment/PaymentService.java:[243,89] cannot find symbol
[ERROR]   symbol:   method getPaymentId()
[ERROR]   location: variable response of type com.parking.management.module.payment.PaymentResponse
[ERROR] /C:/Users/khait/OneDrive/Desktop/parkingmanagementsystem/src/main/java/com/parking/management/module/payment/PaymentService.java:[253,57] cannot find symbol
[ERROR]   symbol:   method getPaymentStatus()
[ERROR]   location: variable payment of type com.parking.management.module.payment.Payment
[ERROR] /C:/Users/khait/OneDrive/Desktop/parkingmanagementsystem/src/main/java/com/parking/management/module/payment/PaymentService.java:[257,53] cannot find symbol
[ERROR]   symbol:   method getPaymentMethod()
[ERROR]   location: variable payment of type com.parking.management.module.payment.Payment
[ERROR] /C:/Users/khait/OneDrive/Desktop/parkingmanagementsystem/src/main/java/com/parking/management/module/payment/PaymentService.java:[261,48] cannot find symbol
[ERROR]   symbol:   method getPaymentId()
[ERROR]   location: variable payment of type com.parking.management.module.payment.Payment
[ERROR] /C:/Users/khait/OneDrive/Desktop/parkingmanagementsystem/src/main/java/com/parking/management/module/payment/PaymentService.java:[264,20] cannot find symbol
[ERROR]   symbol:   method setPayment(com.parking.management.module.payment.Payment)
[ERROR]   location: variable transaction of type com.parking.management.module.payment.PaymentTransaction
[ERROR] /C:/Users/khait/OneDrive/Desktop/parkingmanagementsystem/src/main/java/com/parking/management/module/payment/PaymentService.java:[265,20] cannot find symbol
[ERROR]   symbol:   method setGateway(java.lang.String)
[ERROR]   location: variable transaction of type com.parking.management.module.payment.PaymentTransaction
[ERROR] /C:/Users/khait/OneDrive/Desktop/parkingmanagementsystem/src/main/java/com/parking/management/module/payment/PaymentService.java:[266,20] cannot find symbol
[ERROR]   symbol:   method setTransactionRef(java.lang.String)
[ERROR]   location: variable transaction of type com.parking.management.module.payment.PaymentTransaction
[ERROR] /C:/Users/khait/OneDrive/Desktop/parkingmanagementsystem/src/main/java/com/parking/management/module/payment/PaymentService.java:[267,38] cannot find symbol
[ERROR]   symbol:   method getAmount()
[ERROR]   location: variable payment of type com.parking.management.module.payment.Payment
[ERROR] /C:/Users/khait/OneDrive/Desktop/parkingmanagementsystem/src/main/java/com/parking/management/module/payment/PaymentService.java:[268,20] cannot find symbol
[ERROR]   symbol:   method setTransactionStatus(java.lang.String)
[ERROR]   location: variable transaction of type com.parking.management.module.payment.PaymentTransaction
[ERROR] /C:/Users/khait/OneDrive/Desktop/parkingmanagementsystem/src/main/java/com/parking/management/module/payment/PaymentService.java:[271,20] cannot find symbol
[ERROR]   symbol:   method setPaymentUrl(java.lang.String)
[ERROR]   location: variable transaction of type com.parking.management.module.payment.PaymentTransaction
[ERROR] /C:/Users/khait/OneDrive/Desktop/parkingmanagementsystem/src/main/java/com/parking/management/module/payment/PaymentService.java:[291,20] cannot find symbol
[ERROR]   symbol:   method setResponseCode(java.lang.String)
[ERROR]   location: variable transaction of type com.parking.management.module.payment.PaymentTransaction
[ERROR] /C:/Users/khait/OneDrive/Desktop/parkingmanagementsystem/src/main/java/com/parking/management/module/payment/PaymentService.java:[292,20] cannot find symbol
[ERROR]   symbol:   method setResponseMessage(java.lang.String)
[ERROR]   location: variable transaction of type com.parking.management.module.payment.PaymentTransaction
[ERROR] /C:/Users/khait/OneDrive/Desktop/parkingmanagementsystem/src/main/java/com/parking/management/module/payment/PaymentService.java:[295,24] cannot find symbol
[ERROR]   symbol:   method setTransactionStatus(java.lang.String)
[ERROR]   location: variable transaction of type com.parking.management.module.payment.PaymentTransaction
[ERROR] /C:/Users/khait/OneDrive/Desktop/parkingmanagementsystem/src/main/java/com/parking/management/module/payment/PaymentService.java:[296,24] cannot find symbol
[ERROR]   symbol:   method setResponseMessage(java.lang.String)
[ERROR]   location: variable transaction of type com.parking.management.module.payment.PaymentTransaction
[ERROR] /C:/Users/khait/OneDrive/Desktop/parkingmanagementsystem/src/main/java/com/parking/management/module/payment/PaymentService.java:[301,38] cannot find symbol
[ERROR]   symbol:   method getPayment()
[ERROR]   location: variable transaction of type com.parking.management.module.payment.PaymentTransaction
[ERROR] /C:/Users/khait/OneDrive/Desktop/parkingmanagementsystem/src/main/java/com/parking/management/module/payment/PaymentService.java:[304,24] cannot find symbol
[ERROR]   symbol:   method setTransactionStatus(java.lang.String)
[ERROR]   location: variable transaction of type com.parking.management.module.payment.PaymentTransaction
[ERROR] /C:/Users/khait/OneDrive/Desktop/parkingmanagementsystem/src/main/java/com/parking/management/module/payment/PaymentService.java:[305,24] cannot find symbol
[ERROR]   symbol:   method setPaidAt(java.time.LocalDateTime)
[ERROR]   location: variable transaction of type com.parking.management.module.payment.PaymentTransaction
[ERROR] /C:/Users/khait/OneDrive/Desktop/parkingmanagementsystem/src/main/java/com/parking/management/module/payment/PaymentService.java:[307,20] cannot find symbol
[ERROR]   symbol:   method setPaymentStatus(java.lang.String)
[ERROR]   location: variable payment of type com.parking.management.module.payment.Payment
[ERROR] /C:/Users/khait/OneDrive/Desktop/parkingmanagementsystem/src/main/java/com/parking/management/module/payment/PaymentService.java:[308,20] cannot find symbol
[ERROR]   symbol:   method setPaidAt(java.time.LocalDateTime)
[ERROR]   location: variable payment of type com.parking.management.module.payment.Payment
[ERROR] /C:/Users/khait/OneDrive/Desktop/parkingmanagementsystem/src/main/java/com/parking/management/module/payment/PaymentService.java:[311,24] cannot find symbol
[ERROR]   symbol:   method getReservation()
[ERROR]   location: variable payment of type com.parking.management.module.payment.Payment
[ERROR] /C:/Users/khait/OneDrive/Desktop/parkingmanagementsystem/src/main/java/com/parking/management/module/payment/PaymentService.java:[312,50] cannot find symbol
[ERROR]   symbol:   method getReservation()
[ERROR]   location: variable payment of type com.parking.management.module.payment.Payment
[ERROR] /C:/Users/khait/OneDrive/Desktop/parkingmanagementsystem/src/main/java/com/parking/management/module/payment/PaymentService.java:[313,28] cannot find symbol
[ERROR]   symbol:   method setStatus(java.lang.String)
[ERROR]   location: variable reservation of type com.parking.management.module.reservation.Reservation
[ERROR] /C:/Users/khait/OneDrive/Desktop/parkingmanagementsystem/src/main/java/com/parking/management/module/payment/PaymentService.java:[316,47] cannot find symbol
[ERROR]   symbol:   method getSlot()
[ERROR]   location: variable reservation of type com.parking.management.module.reservation.Reservation
[ERROR] /C:/Users/khait/OneDrive/Desktop/parkingmanagementsystem/src/main/java/com/parking/management/module/payment/PaymentService.java:[317,25] cannot find symbol
[ERROR]   symbol:   method getStatus()
[ERROR]   location: variable slot of type com.parking.management.module.slot.ParkingSlot
[ERROR] /C:/Users/khait/OneDrive/Desktop/parkingmanagementsystem/src/main/java/com/parking/management/module/payment/PaymentService.java:[318,25] cannot find symbol
[ERROR]   symbol:   method setStatus(com.parking.management.module.slot.SlotStatus)
[ERROR]   location: variable slot of type com.parking.management.module.slot.ParkingSlot
[ERROR] /C:/Users/khait/OneDrive/Desktop/parkingmanagementsystem/src/main/java/com/parking/management/module/payment/PaymentService.java:[324,48] cannot find symbol
[ERROR]   symbol:   method getVehicleType()
[ERROR]   location: variable reservation of type com.parking.management.module.reservation.Reservation
[ERROR] /C:/Users/khait/OneDrive/Desktop/parkingmanagementsystem/src/main/java/com/parking/management/module/payment/PaymentService.java:[329,32] cannot find symbol
[ERROR]   symbol:   method setStatus(com.parking.management.module.slot.SlotStatus)
[ERROR]   location: variable newSlot of type com.parking.management.module.slot.ParkingSlot
[ERROR] /C:/Users/khait/OneDrive/Desktop/parkingmanagementsystem/src/main/java/com/parking/management/module/payment/PaymentService.java:[331,36] cannot find symbol
[ERROR]   symbol:   method setSlot(com.parking.management.module.slot.ParkingSlot)
[ERROR]   location: variable reservation of type com.parking.management.module.reservation.Reservation
[ERROR] /C:/Users/khait/OneDrive/Desktop/parkingmanagementsystem/src/main/java/com/parking/management/module/payment/PaymentService.java:[335,127] cannot find symbol
[ERROR]   symbol:   method getReservationId()
[ERROR]   location: variable reservation of type com.parking.management.module.reservation.Reservation
[ERROR] /C:/Users/khait/OneDrive/Desktop/parkingmanagementsystem/src/main/java/com/parking/management/module/payment/PaymentService.java:[339,118] cannot find symbol
[ERROR]   symbol:   method getReservationId()
[ERROR]   location: variable reservation of type com.parking.management.module.reservation.Reservation
[ERROR] -> [Help 1]
[ERROR] 
[ERROR] To see the full stack trace of the errors, re-run Maven with the -e switch.
[ERROR] Re-run Maven using the -X switch to enable full debug logging.
[ERROR] 
[ERROR] For more information about the errors and possible solutions, please read the following articles:
[ERROR] [Help 1] http://cwiki.apache.org/confluence/display/MAVEN/MojoFailureException
